#-----------------------------------------------------------
# Webtalk v2020.1 (64-bit)
# SW Build 2902540 on Wed May 27 19:54:49 MDT 2020
# IP Build 2902112 on Wed May 27 22:43:36 MDT 2020
# Start of session at: Wed Aug 11 18:52:53 2021
# Process ID: 16508
# Current directory: E:/old_pc/volume_e/iitb/EE671_vlsi_design/brent_kung_adder_16bit/brent_kung_adder_16bit.sim/sim_1/behav/xsim
# Command line: wbtcv.exe -mode batch -source E:/old_pc/volume_e/iitb/EE671_vlsi_design/brent_kung_adder_16bit/brent_kung_adder_16bit.sim/sim_1/behav/xsim/xsim.dir/bk_add_behav/webtalk/xsim_webtalk.tcl -notrace
# Log file: E:/old_pc/volume_e/iitb/EE671_vlsi_design/brent_kung_adder_16bit/brent_kung_adder_16bit.sim/sim_1/behav/xsim/webtalk.log
# Journal file: E:/old_pc/volume_e/iitb/EE671_vlsi_design/brent_kung_adder_16bit/brent_kung_adder_16bit.sim/sim_1/behav/xsim\webtalk.jou
#-----------------------------------------------------------
source E:/old_pc/volume_e/iitb/EE671_vlsi_design/brent_kung_adder_16bit/brent_kung_adder_16bit.sim/sim_1/behav/xsim/xsim.dir/bk_add_behav/webtalk/xsim_webtalk.tcl -notrace
